Traceback (most recent call last):
  File "C:\Users\Yash\Documents\GitHub\Prakriti-Pulse\ai_engine\inference.py", line 72, in _load_artifacts
    self.model.load_state_dict(state_dict)
  File "C:\Users\Yash\AppData\Local\Programs\Python\Python311\Lib\site-packages\torch\nn\modules\module.py", line 2041, in load_state_dict
    raise RuntimeError('Error(s) in loading state_dict for {}:\n\t{}'.format(
RuntimeError: Error(s) in loading state_dict for HeteroGNN:
	Unexpected key(s) in state_dict: "lin_dict.condition.weight", "lin_dict.condition.bias", "lin_dict.dosha.weight", "lin_dict.dosha.bias", "lin_dict.herb.weight", "lin_dict.herb.bias", "lin_dict.symptom.weight", "lin_dict.symptom.bias", "lin_dict.body_part.weight", "lin_dict.body_part.bias". 
	size mismatch for decoder.weight: copying a param with shape torch.Size([1, 512]) from checkpoint, the shape in current model is torch.Size([1, 256]).

During handling of the above exception, another exception occurred:

Traceback (most recent call last):
  File "C:\Users\Yash\Documents\GitHub\Prakriti-Pulse\test_ai.py", line 11, in <module>
    ai = AyurvedicAI()
         ^^^^^^^^^^^^^
  File "C:\Users\Yash\Documents\GitHub\Prakriti-Pulse\ai_engine\inference.py", line 46, in __init__
    self._load_artifacts()
  File "C:\Users\Yash\Documents\GitHub\Prakriti-Pulse\ai_engine\inference.py", line 83, in _load_artifacts
    raise e
  File "C:\Users\Yash\Documents\GitHub\Prakriti-Pulse\ai_engine\inference.py", line 75, in _load_artifacts
    self.model.load_state_dict(state_dict, strict=False)
  File "C:\Users\Yash\AppData\Local\Programs\Python\Python311\Lib\site-packages\torch\nn\modules\module.py", line 2041, in load_state_dict
    raise RuntimeError('Error(s) in loading state_dict for {}:\n\t{}'.format(
RuntimeError: Error(s) in loading state_dict for HeteroGNN:
	size mismatch for decoder.weight: copying a param with shape torch.Size([1, 512]) from checkpoint, the shape in current model is torch.Size([1, 256]).
