≡ƒöÆ Creating constraints for new schema...
≡ƒôª Loading Nodes: Herb from herbs.csv...
≡ƒôª Loading Nodes: Condition from health_conditions.csv...
≡ƒôª Loading Nodes: Dosha from doshas.csv...
≡ƒôª Loading Nodes: Symptom from symptoms.csv...
≡ƒôª Loading Nodes: BodyPart from body_parts.csv...
≡ƒôª Loading Nodes: Srota from srotas.csv...
≡ƒôª Loading Nodes: Guna from guna.csv...
≡ƒôª Loading Nodes: Rasa from rasa.csv...
≡ƒôª Loading Nodes: ChemicalGroup from chemical_groups.csv...
≡ƒôª Loading Nodes: Action from actions.csv...
≡ƒöù Linking: Herb -[TREATS]-> Condition...
≡ƒöù Linking: Herb -[BALANCES]-> Dosha...
≡ƒöù Linking: Condition -[AGGRAVATES]-> Dosha...
≡ƒöù Linking: Condition -[MANIFESTS_AS]-> Symptom...
≡ƒöù Linking: Herb -[TARGETS]-> BodyPart...
≡ƒöù Linking: Condition -[AFFECTS]-> BodyPart...
≡ƒöù Linking: Dosha -[GOVERNS]-> BodyPart...
≡ƒöù Linking: Symptom -[INDICATES]-> Dosha...
≡ƒöù Linking: Condition -[AFFECTS_SROTA]-> Srota...
≡ƒöù Linking: Herb -[HAS_RASA]-> Rasa...
≡ƒöù Linking: Herb -[HAS_GUNA]-> Guna...
≡ƒöù Linking: Herb -[CONTAINS_CHEMICAL]-> ChemicalGroup...
≡ƒöù Linking: Herb -[EXHIBITS_ACTION]-> Action...
≡ƒÜÇ Extended Knowledge Graph Built Successfully!
